components/AdminSettings.tsx(33,28): error TS2732: Cannot find module '../firebase-applet-config.json'. Consider using '--resolveJsonModule' to import module with '.json' extension.
components/AdminSettings.tsx(302,9): error TS2353: Object literal may only specify known properties, and 'bookedBy' does not exist in type 'Booking'.
components/AdminSettings.tsx(313,9): error TS2353: Object literal may only specify known properties, and 'bookedBy' does not exist in type 'Booking'.
components/AdminSettings.tsx(325,9): error TS2353: Object literal may only specify known properties, and 'bookedBy' does not exist in type 'Booking'.
components/AdminSettings.tsx(336,9): error TS2353: Object literal may only specify known properties, and 'bookedBy' does not exist in type 'Booking'.
components/AdminSettings.tsx(346,9): error TS2353: Object literal may only specify known properties, and 'bookedBy' does not exist in type 'Booking'.
components/AdminSettings.tsx(362,9): error TS2353: Object literal may only specify known properties, and 'bookedBy' does not exist in type 'Booking'.
components/AdminSettings.tsx(374,9): error TS2353: Object literal may only specify known properties, and 'bookedBy' does not exist in type 'Booking'.
components/AdminSettings.tsx(384,9): error TS2353: Object literal may only specify known properties, and 'bookedBy' does not exist in type 'Booking'.
components/AdminSettings.tsx(395,9): error TS2353: Object literal may only specify known properties, and 'bookedBy' does not exist in type 'Booking'.
components/AdminSettings.tsx(407,9): error TS2353: Object literal may only specify known properties, and 'bookedBy' does not exist in type 'Booking'.
components/AdminSettings.tsx(418,9): error TS2353: Object literal may only specify known properties, and 'bookedBy' does not exist in type 'Booking'.
components/AdminSettings.tsx(428,9): error TS2353: Object literal may only specify known properties, and 'bookedBy' does not exist in type 'Booking'.
components/AdminSettings.tsx(439,9): error TS2353: Object literal may only specify known properties, and 'bookedBy' does not exist in type 'Booking'.
components/AdminSettings.tsx(450,9): error TS2353: Object literal may only specify known properties, and 'bookedBy' does not exist in type 'Booking'.
components/AdminSettings.tsx(461,9): error TS2353: Object literal may only specify known properties, and 'bookedBy' does not exist in type 'Booking'.
components/AdminSettings.tsx(633,17): error TS2353: Object literal may only specify known properties, and 'bookedBy' does not exist in type 'Booking'.
components/AdminSettings.tsx(2421,27): error TS2345: Argument of type '{ id: string; name: string; password: string; role: Role.ADMIN | Role.USER; firstName: string; lastName: string; email: string; phone: string; gender: "m" | "w"; birthDate: string; show_onboarding_hints: true; }' is not assignable to parameter of type 'User'.
  Property 'vereinsId' is missing in type '{ id: string; name: string; password: string; role: Role.ADMIN | Role.USER; firstName: string; lastName: string; email: string; phone: string; gender: "m" | "w"; birthDate: string; show_onboarding_hints: true; }' but required in type '{ role: Role; name: string; vereinsId: string; }'.
components/AdminSettings.tsx(6300,47): error TS2304: Cannot find name 'generateRandomPassword'.
constants.tsx(13,3): error TS2322: Type '{ id: string; name: string; role: Role.ADMIN; password: string; }' is not assignable to type 'User'.
  Type '{ id: string; name: string; role: Role.ADMIN; password: string; }' is missing the following properties from type 'Person': firstName, lastName, gender
constants.tsx(14,3): error TS2322: Type '{ id: string; name: string; role: Role.ADMIN; password: string; }' is not assignable to type 'User'.
  Type '{ id: string; name: string; role: Role.ADMIN; password: string; }' is missing the following properties from type 'Person': firstName, lastName, gender
constants.tsx(15,3): error TS2322: Type '{ id: string; name: string; role: Role.USER; password: string; }' is not assignable to type 'User'.
  Type '{ id: string; name: string; role: Role.USER; password: string; }' is missing the following properties from type 'Person': firstName, lastName, gender
constants.tsx(16,3): error TS2322: Type '{ id: string; name: string; role: Role.USER; password: string; }' is not assignable to type 'User'.
  Type '{ id: string; name: string; role: Role.USER; password: string; }' is missing the following properties from type 'Person': firstName, lastName, gender
constants.tsx(17,3): error TS2322: Type '{ id: string; name: string; role: Role.USER; password: string; }' is not assignable to type 'User'.
  Type '{ id: string; name: string; role: Role.USER; password: string; }' is missing the following properties from type 'Person': firstName, lastName, gender
constants.tsx(18,3): error TS2322: Type '{ id: string; name: string; role: Role.USER; password: string; }' is not assignable to type 'User'.
  Type '{ id: string; name: string; role: Role.USER; password: string; }' is missing the following properties from type 'Person': firstName, lastName, gender
constants.tsx(19,3): error TS2322: Type '{ id: string; name: string; role: Role.USER; password: string; }' is not assignable to type 'User'.
  Type '{ id: string; name: string; role: Role.USER; password: string; }' is missing the following properties from type 'Person': firstName, lastName, gender
constants.tsx(20,3): error TS2322: Type '{ id: string; name: string; role: Role.USER; password: string; }' is not assignable to type 'User'.
  Type '{ id: string; name: string; role: Role.USER; password: string; }' is missing the following properties from type 'Person': firstName, lastName, gender
constants.tsx(21,3): error TS2322: Type '{ id: string; name: string; role: Role.USER; password: string; }' is not assignable to type 'User'.
  Type '{ id: string; name: string; role: Role.USER; password: string; }' is missing the following properties from type 'Person': firstName, lastName, gender
constants.tsx(22,3): error TS2322: Type '{ id: string; name: string; role: Role.USER; password: string; }' is not assignable to type 'User'.
  Type '{ id: string; name: string; role: Role.USER; password: string; }' is missing the following properties from type 'Person': firstName, lastName, gender
constants.tsx(23,3): error TS2322: Type '{ id: string; name: string; role: Role.USER; password: string; }' is not assignable to type 'User'.
  Type '{ id: string; name: string; role: Role.USER; password: string; }' is missing the following properties from type 'Person': firstName, lastName, gender
constants.tsx(24,3): error TS2322: Type '{ id: string; name: string; role: Role.USER; password: string; }' is not assignable to type 'User'.
  Type '{ id: string; name: string; role: Role.USER; password: string; }' is missing the following properties from type 'Person': firstName, lastName, gender
constants.tsx(25,3): error TS2322: Type '{ id: string; name: string; role: Role.USER; password: string; }' is not assignable to type 'User'.
  Type '{ id: string; name: string; role: Role.USER; password: string; }' is missing the following properties from type 'Person': firstName, lastName, gender
constants.tsx(26,3): error TS2322: Type '{ id: string; name: string; role: Role.USER; password: string; }' is not assignable to type 'User'.
  Type '{ id: string; name: string; role: Role.USER; password: string; }' is missing the following properties from type 'Person': firstName, lastName, gender
constants.tsx(27,3): error TS2322: Type '{ id: string; name: string; role: Role.USER; password: string; }' is not assignable to type 'User'.
  Type '{ id: string; name: string; role: Role.USER; password: string; }' is missing the following properties from type 'Person': firstName, lastName, gender
constants.tsx(28,3): error TS2322: Type '{ id: string; name: string; role: Role.USER; password: string; }' is not assignable to type 'User'.
  Type '{ id: string; name: string; role: Role.USER; password: string; }' is missing the following properties from type 'Person': firstName, lastName, gender
constants.tsx(29,3): error TS2322: Type '{ id: string; name: string; role: Role.USER; password: string; }' is not assignable to type 'User'.
  Type '{ id: string; name: string; role: Role.USER; password: string; }' is missing the following properties from type 'Person': firstName, lastName, gender
constants.tsx(30,3): error TS2322: Type '{ id: string; name: string; role: Role.USER; password: string; }' is not assignable to type 'User'.
  Type '{ id: string; name: string; role: Role.USER; password: string; }' is missing the following properties from type 'Person': firstName, lastName, gender
constants.tsx(31,3): error TS2322: Type '{ id: string; name: string; role: Role.USER; password: string; }' is not assignable to type 'User'.
  Type '{ id: string; name: string; role: Role.USER; password: string; }' is missing the following properties from type 'Person': firstName, lastName, gender
constants.tsx(32,3): error TS2322: Type '{ id: string; name: string; role: Role.USER; password: string; }' is not assignable to type 'User'.
  Type '{ id: string; name: string; role: Role.USER; password: string; }' is missing the following properties from type 'Person': firstName, lastName, gender
lib/firebase.ts(5,28): error TS2732: Cannot find module '../firebase-applet-config.json'. Consider using '--resolveJsonModule' to import module with '.json' extension.
lib/firebase.ts(93,11): error TS2322: Type '{ id: any; name: string; klarname: string; role: Role.SUPER_ADMIN; vereinsId: string; createdAt: string; }' is not assignable to type 'User'.
  Type '{ id: any; name: string; klarname: string; role: Role.SUPER_ADMIN; vereinsId: string; createdAt: string; }' is missing the following properties from type 'Person': firstName, lastName, gender
node_modules/framer-motion/dist/index.d.ts(1,23): error TS2688: Cannot find type definition file for 'react'.
node_modules/framer-motion/dist/index.d.ts(184,16): error TS2503: Cannot find namespace 'React'.
node_modules/framer-motion/dist/index.d.ts(392,14): error TS2552: Cannot find name 'HTMLWebViewElement'. Did you mean 'HTMLVideoElement'?
node_modules/framer-motion/dist/index.d.ts(428,45): error TS2503: Cannot find namespace 'React'.
node_modules/framer-motion/dist/index.d.ts(468,131): error TS2503: Cannot find namespace 'React'.
node_modules/framer-motion/dist/index.d.ts(521,16): error TS2503: Cannot find namespace 'React'.
node_modules/framer-motion/dist/index.d.ts(1515,47): error TS2503: Cannot find namespace 'React'.
node_modules/framer-motion/dist/index.d.ts(1523,51): error TS2503: Cannot find namespace 'React'.
node_modules/framer-motion/dist/index.d.ts(1523,82): error TS2503: Cannot find namespace 'React'.
services/db.ts(381,15): error TS2339: Property 'deletedAt' does not exist on type 'Tournament'.
services/db.ts(382,42): error TS2339: Property 'deletedAt' does not exist on type 'Tournament'.
services/duplicateDetection.ts(449,18): error TS2339: Property 'tenantId' does not exist on type 'Person'.
